2026-06-06 20:20:12,151 - StreamDock - INFO - titleParametersDidChange
2026-06-06 20:20:12,756 - StreamDock - INFO - deviceDidConnect
2026-06-06 20:20:18,155 - StreamDock - INFO - keyDown
2026-06-06 20:20:18,207 - StreamDock - INFO - keyUp
2026-06-06 20:20:18,207 - StreamDock - WARNING - [HiiSmiles] No Twitch tab detected.
2026-06-06 20:20:30,748 - StreamDock - INFO - keyDown
2026-06-06 20:20:30,798 - StreamDock - INFO - keyUp
2026-06-06 20:20:30,799 - StreamDock - INFO - Loading 7TV emotes from: 5opka
2026-06-06 20:20:32,832 - StreamDock - ERROR - Cant get 7TV emotes by Exception: HTTPSConnectionPool(host='7tv.io', port=443): Max retries exceeded with url: /v3/gql (Caused by ProxyError('Unable to connect to proxy', NewConnectionError("HTTPSConnection(host='127.0.0.1', port=7890): Failed to establish a new connection: [WinError 10061] Подключение не установлено, т.к. конечный компьютер отверг запрос на подключение")))
2026-06-06 20:20:32,832 - StreamDock - WARNING - [HiiSmiles] На канале 5opka не найдено подходящих приветственных смайликов.
2026-06-06 20:25:21,610 - StreamDock - INFO - keyDown
2026-06-06 20:25:21,661 - StreamDock - INFO - keyUp
2026-06-06 20:25:21,661 - StreamDock - INFO - Loading 7TV emotes from: 5opka
2026-06-06 20:25:23,693 - StreamDock - ERROR - Cant get 7TV emotes by Exception: HTTPSConnectionPool(host='7tv.io', port=443): Max retries exceeded with url: /v3/gql (Caused by ProxyError('Unable to connect to proxy', NewConnectionError("HTTPSConnection(host='127.0.0.1', port=7890): Failed to establish a new connection: [WinError 10061] Подключение не установлено, т.к. конечный компьютер отверг запрос на подключение")))
2026-06-06 20:25:23,693 - StreamDock - WARNING - [HiiSmiles] На канале 5opka не найдено подходящих приветственных смайликов.
2026-06-06 20:35:01,985 - StreamDock - INFO - Plugin stopped
2026-06-06 20:35:24,403 - StreamDock - INFO - Plugin Start
2026-06-06 20:35:25,413 - StreamDock - INFO - WebSocket connected
2026-06-06 20:35:25,419 - StreamDock - INFO - willAppear
2026-06-06 20:35:25,420 - StreamDock - INFO - Loading action module: actions
2026-06-06 20:35:25,420 - StreamDock - INFO - Successfully registered action: actions -> HiiSmiles
2026-06-06 20:35:25,420 - StreamDock - INFO - Registered action types: {'actions': <class 'actions.actions.HiiSmiles'>}
2026-06-06 20:35:25,423 - StreamDock - INFO - Loading action module: custom
2026-06-06 20:35:25,423 - StreamDock - INFO - Successfully registered action: custom -> Custom
2026-06-06 20:35:25,423 - StreamDock - INFO - Registered action types: {'actions': <class 'actions.actions.HiiSmiles'>, 'custom': <class 'actions.custom.Custom'>}
2026-06-06 20:35:25,425 - StreamDock - INFO - Loading action module: time
2026-06-06 20:35:25,425 - StreamDock - INFO - Successfully registered action: time -> Time
2026-06-06 20:35:25,425 - StreamDock - INFO - Registered action types: {'actions': <class 'actions.actions.HiiSmiles'>, 'custom': <class 'actions.custom.Custom'>, 'time': <class 'actions.time.Time'>}
2026-06-06 20:35:25,425 - StreamDock - INFO - titleParametersDidChange
2026-06-06 20:35:26,032 - StreamDock - INFO - deviceDidConnect
2026-06-06 20:35:39,157 - StreamDock - INFO - keyDown
2026-06-06 20:35:39,207 - StreamDock - INFO - keyUp
2026-06-06 20:35:39,208 - StreamDock - INFO - Loading 7TV emotes from: 5opka
2026-06-06 20:35:39,208 - StreamDock - WARNING - [HiiSmiles] На канале 5opka не найдено подходящих приветственных смайликов.
2026-06-06 20:35:39,902 - StreamDock - INFO - Success caching 942 emotes for 5opka
2026-06-06 20:37:51,614 - StreamDock - INFO - Plugin stopped
2026-06-06 20:38:01,420 - StreamDock - INFO - Plugin Start
2026-06-06 20:38:02,436 - StreamDock - INFO - WebSocket connected
2026-06-06 20:38:02,442 - StreamDock - INFO - willAppear
2026-06-06 20:38:02,443 - StreamDock - INFO - Loading action module: actions
2026-06-06 20:38:02,444 - StreamDock - INFO - Successfully registered action: actions -> HiiSmiles
2026-06-06 20:38:02,444 - StreamDock - INFO - Registered action types: {'actions': <class 'actions.actions.HiiSmiles'>}
2026-06-06 20:38:02,445 - StreamDock - INFO - Loading action module: custom
2026-06-06 20:38:02,446 - StreamDock - INFO - Successfully registered action: custom -> Custom
2026-06-06 20:38:02,446 - StreamDock - INFO - Registered action types: {'actions': <class 'actions.actions.HiiSmiles'>, 'custom': <class 'actions.custom.Custom'>}
2026-06-06 20:38:02,447 - StreamDock - INFO - Loading action module: time
2026-06-06 20:38:02,447 - StreamDock - INFO - Successfully registered action: time -> Time
2026-06-06 20:38:02,447 - StreamDock - INFO - Registered action types: {'actions': <class 'actions.actions.HiiSmiles'>, 'custom': <class 'actions.custom.Custom'>, 'time': <class 'actions.time.Time'>}
2026-06-06 20:38:02,447 - StreamDock - INFO - titleParametersDidChange
2026-06-06 20:38:03,057 - StreamDock - INFO - deviceDidConnect
2026-06-06 20:38:11,739 - StreamDock - INFO - keyDown
2026-06-06 20:38:11,791 - StreamDock - INFO - keyUp
2026-06-06 20:38:11,791 - StreamDock - INFO - Loading 7TV emotes from: 5opka
2026-06-06 20:38:12,549 - StreamDock - INFO - Success caching 942 emotes for 5opka
2026-06-06 20:38:12,830 - StreamDock - INFO - [HiiSmiles] Успешно дозаписаны смайлики для 5opka:  youR agahi hiii
2026-06-06 20:38:44,415 - StreamDock - INFO - keyDown
2026-06-06 20:38:44,465 - StreamDock - INFO - keyUp
2026-06-06 20:38:44,664 - StreamDock - INFO - [HiiSmiles] Успешно дозаписаны смайлики для 5opka:  tahi youR Hii
2026-06-06 20:39:23,740 - StreamDock - INFO - keyDown
2026-06-06 20:39:23,791 - StreamDock - INFO - keyUp
2026-06-06 20:39:23,998 - StreamDock - INFO - [HiiSmiles] Успешно дозаписаны смайлики для 5opka:  JUDGE Hi hii
2026-06-06 20:39:26,675 - StreamDock - INFO - keyDown
2026-06-06 20:39:26,726 - StreamDock - INFO - keyUp
2026-06-06 20:39:26,944 - StreamDock - INFO - [HiiSmiles] Успешно дозаписаны смайлики для 5opka:  Hi ky qqq
2026-06-06 20:47:02,788 - StreamDock - INFO - Plugin stopped
