2026-06-06 19:51:04,759 - StreamDock - INFO - Plugin Start
2026-06-06 19:52:20,480 - StreamDock - INFO - Plugin Start
2026-06-06 19:52:21,490 - StreamDock - INFO - WebSocket connected
2026-06-06 19:52:21,500 - StreamDock - INFO - willAppear
2026-06-06 19:52:21,501 - StreamDock - INFO - Loading action module: actions
2026-06-06 19:52:21,501 - StreamDock - INFO - Successfully registered action: actions -> HiiSmiles
2026-06-06 19:52:21,501 - StreamDock - INFO - Registered action types: {'actions': <class 'actions.actions.HiiSmiles'>}
2026-06-06 19:52:21,503 - StreamDock - INFO - Loading action module: custom
2026-06-06 19:52:21,503 - StreamDock - INFO - Successfully registered action: custom -> Custom
2026-06-06 19:52:21,503 - StreamDock - INFO - Registered action types: {'actions': <class 'actions.actions.HiiSmiles'>, 'custom': <class 'actions.custom.Custom'>}
2026-06-06 19:52:21,504 - StreamDock - INFO - Loading action module: time
2026-06-06 19:52:21,504 - StreamDock - INFO - Successfully registered action: time -> Time
2026-06-06 19:52:21,504 - StreamDock - INFO - Registered action types: {'actions': <class 'actions.actions.HiiSmiles'>, 'custom': <class 'actions.custom.Custom'>, 'time': <class 'actions.time.Time'>}
2026-06-06 19:52:21,504 - StreamDock - INFO - titleParametersDidChange
2026-06-06 19:52:22,210 - StreamDock - INFO - deviceDidConnect
2026-06-06 19:52:28,888 - StreamDock - INFO - keyDown
2026-06-06 19:52:28,939 - StreamDock - INFO - keyUp
2026-06-06 19:52:28,940 - StreamDock - ERROR - WebSocket error: update_cache() takes 2 positional arguments but 3 were given
2026-06-06 19:52:30,496 - StreamDock - INFO - keyDown
2026-06-06 19:52:30,547 - StreamDock - INFO - keyUp
2026-06-06 19:52:30,548 - StreamDock - ERROR - WebSocket error: update_cache() takes 2 positional arguments but 3 were given
2026-06-06 19:52:32,106 - StreamDock - INFO - keyDown
2026-06-06 19:52:32,155 - StreamDock - INFO - keyUp
2026-06-06 19:52:32,156 - StreamDock - ERROR - WebSocket error: update_cache() takes 2 positional arguments but 3 were given
2026-06-06 19:57:29,558 - StreamDock - INFO - Plugin stopped
2026-06-06 19:59:11,077 - StreamDock - INFO - Plugin Start
2026-06-06 19:59:12,092 - StreamDock - INFO - WebSocket connected
2026-06-06 19:59:12,099 - StreamDock - INFO - willAppear
2026-06-06 19:59:12,101 - StreamDock - INFO - Loading action module: actions
2026-06-06 19:59:12,101 - StreamDock - INFO - Successfully registered action: actions -> HiiSmiles
2026-06-06 19:59:12,101 - StreamDock - INFO - Registered action types: {'actions': <class 'actions.actions.HiiSmiles'>}
2026-06-06 19:59:12,104 - StreamDock - INFO - Loading action module: custom
2026-06-06 19:59:12,104 - StreamDock - INFO - Successfully registered action: custom -> Custom
2026-06-06 19:59:12,104 - StreamDock - INFO - Registered action types: {'actions': <class 'actions.actions.HiiSmiles'>, 'custom': <class 'actions.custom.Custom'>}
2026-06-06 19:59:12,105 - StreamDock - INFO - Loading action module: time
2026-06-06 19:59:12,105 - StreamDock - INFO - Successfully registered action: time -> Time
2026-06-06 19:59:12,105 - StreamDock - INFO - Registered action types: {'actions': <class 'actions.actions.HiiSmiles'>, 'custom': <class 'actions.custom.Custom'>, 'time': <class 'actions.time.Time'>}
2026-06-06 19:59:12,106 - StreamDock - INFO - titleParametersDidChange
2026-06-06 19:59:12,861 - StreamDock - INFO - deviceDidConnect
2026-06-06 19:59:19,668 - StreamDock - INFO - keyDown
2026-06-06 19:59:19,719 - StreamDock - INFO - keyUp
2026-06-06 19:59:19,720 - StreamDock - INFO - Loading 7TV emotes from: 5opka
2026-06-06 19:59:23,240 - StreamDock - ERROR - Cant get 7TV emotes by Exception: HTTPSConnectionPool(host='7tv.io', port=443): Read timed out.
2026-06-06 19:59:23,241 - StreamDock - WARNING - [HiiSmiles] На канале 5opka не найдено подходящих приветственных смайликов.
2026-06-06 19:59:23,241 - StreamDock - INFO - keyDown
2026-06-06 19:59:23,241 - StreamDock - INFO - keyUp
2026-06-06 19:59:23,241 - StreamDock - INFO - Loading 7TV emotes from: 5opka
2026-06-06 19:59:26,729 - StreamDock - ERROR - Cant get 7TV emotes by Exception: HTTPSConnectionPool(host='7tv.io', port=443): Read timed out.
2026-06-06 19:59:26,729 - StreamDock - WARNING - [HiiSmiles] На канале 5opka не найдено подходящих приветственных смайликов.
2026-06-06 20:00:23,301 - StreamDock - INFO - Plugin stopped
